Category: 棋牌, Name: 斗地主, Total: 5, Valid: 0, Valid Percent: 0.00%, Whitelist: 5, IPv4: 0, IPv6: 0, Min Delay: -1 ms, Max Speed: 0.00 M/s, Avg Speed: 0.00 M/s, Max Resolution: None
Category: 棋牌, Name: 象棋-象棋官方账号, Total: 7, Valid: 0, Valid Percent: 0.00%, Whitelist: 7, IPv4: 0, IPv6: 0, Min Delay: -1 ms, Max Speed: 0.00 M/s, Avg Speed: 0.00 M/s, Max Resolution: None
Category: 棋牌, Name: 象棋-八卦象棋大师, Total: 7, Valid: 0, Valid Percent: 0.00%, Whitelist: 7, IPv4: 0, IPv6: 0, Min Delay: -1 ms, Max Speed: 0.00 M/s, Avg Speed: 0.00 M/s, Max Resolution: None
Category: 棋牌, Name: 象棋-九妹笑笑象棋, Total: 7, Valid: 0, Valid Percent: 0.00%, Whitelist: 7, IPv4: 0, IPv6: 0, Min Delay: -1 ms, Max Speed: 0.00 M/s, Avg Speed: 0.00 M/s, Max Resolution: None
Category: 棋牌, Name: 象棋-象棋戴少帅, Total: 7, Valid: 0, Valid Percent: 0.00%, Whitelist: 7, IPv4: 0, IPv6: 0, Min Delay: -1 ms, Max Speed: 0.00 M/s, Avg Speed: 0.00 M/s, Max Resolution: None
Category: 棋牌, Name: 象棋-背谱王子, Total: 7, Valid: 0, Valid Percent: 0.00%, Whitelist: 7, IPv4: 0, IPv6: 0, Min Delay: -1 ms, Max Speed: 0.00 M/s, Avg Speed: 0.00 M/s, Max Resolution: None
Category: 棋牌, Name: 象棋-五月妖刀象棋, Total: 7, Valid: 0, Valid Percent: 0.00%, Whitelist: 7, IPv4: 0, IPv6: 0, Min Delay: -1 ms, Max Speed: 0.00 M/s, Avg Speed: 0.00 M/s, Max Resolution: None
Category: 棋牌, Name: 象棋-孙浩宇大师, Total: 7, Valid: 0, Valid Percent: 0.00%, Whitelist: 7, IPv4: 0, IPv6: 0, Min Delay: -1 ms, Max Speed: 0.00 M/s, Avg Speed: 0.00 M/s, Max Resolution: None
Category: 棋牌, Name: 象棋-广西棋王陈建昌, Total: 7, Valid: 0, Valid Percent: 0.00%, Whitelist: 7, IPv4: 0, IPv6: 0, Min Delay: -1 ms, Max Speed: 0.00 M/s, Avg Speed: 0.00 M/s, Max Resolution: None
Category: 棋牌, Name: 象棋-虎牙象棋国手, Total: 7, Valid: 0, Valid Percent: 0.00%, Whitelist: 7, IPv4: 0, IPv6: 0, Min Delay: -1 ms, Max Speed: 0.00 M/s, Avg Speed: 0.00 M/s, Max Resolution: None
Category: 央视频道, Name: CCTV-1, Total: 58, Valid: 46, Valid Percent: 79.31%, Whitelist: 0, IPv4: 58, IPv6: 0, Min Delay: 80 ms, Max Speed: 61.44 M/s, Avg Speed: 3.96 M/s, Max Resolution: 1920x1080
Category: 央视频道, Name: CCTV-2, Total: 25, Valid: 20, Valid Percent: 80.00%, Whitelist: 0, IPv4: 25, IPv6: 0, Min Delay: 80 ms, Max Speed: 61.44 M/s, Avg Speed: 4.50 M/s, Max Resolution: 1920x1080
Category: 央视频道, Name: CCTV-3, Total: 23, Valid: 18, Valid Percent: 78.26%, Whitelist: 0, IPv4: 23, IPv6: 0, Min Delay: 80 ms, Max Speed: 61.44 M/s, Avg Speed: 4.50 M/s, Max Resolution: 1920x1080
Category: 央视频道, Name: CCTV-4, Total: 29, Valid: 23, Valid Percent: 79.31%, Whitelist: 0, IPv4: 29, IPv6: 0, Min Delay: 80 ms, Max Speed: 61.44 M/s, Avg Speed: 4.21 M/s, Max Resolution: 1920x1080
Category: 央视频道, Name: CCTV-5, Total: 27, Valid: 19, Valid Percent: 70.37%, Whitelist: 0, IPv4: 27, IPv6: 0, Min Delay: 80 ms, Max Speed: 61.44 M/s, Avg Speed: 4.41 M/s, Max Resolution: 1920x1080
Category: 央视频道, Name: CCTV-5+, Total: 21, Valid: 17, Valid Percent: 80.95%, Whitelist: 0, IPv4: 21, IPv6: 0, Min Delay: 80 ms, Max Speed: 61.44 M/s, Avg Speed: 4.45 M/s, Max Resolution: 1920x1080
Category: 央视频道, Name: CCTV-6, Total: 25, Valid: 20, Valid Percent: 80.00%, Whitelist: 0, IPv4: 25, IPv6: 0, Min Delay: 80 ms, Max Speed: 61.44 M/s, Avg Speed: 4.52 M/s, Max Resolution: 1920x1080
Category: 央视频道, Name: CCTV-7, Total: 24, Valid: 19, Valid Percent: 79.17%, Whitelist: 0, IPv4: 24, IPv6: 0, Min Delay: 80 ms, Max Speed: 61.44 M/s, Avg Speed: 4.62 M/s, Max Resolution: 1920x1080
Category: 央视频道, Name: CCTV-8, Total: 26, Valid: 20, Valid Percent: 76.92%, Whitelist: 0, IPv4: 26, IPv6: 0, Min Delay: 80 ms, Max Speed: 61.44 M/s, Avg Speed: 4.29 M/s, Max Resolution: 1920x1080
Category: 央视频道, Name: CCTV-9, Total: 26, Valid: 20, Valid Percent: 76.92%, Whitelist: 0, IPv4: 26, IPv6: 0, Min Delay: 80 ms, Max Speed: 61.44 M/s, Avg Speed: 4.45 M/s, Max Resolution: 1920x1080
Category: 央视频道, Name: CCTV-10, Total: 23, Valid: 18, Valid Percent: 78.26%, Whitelist: 0, IPv4: 23, IPv6: 0, Min Delay: 80 ms, Max Speed: 61.44 M/s, Avg Speed: 4.72 M/s, Max Resolution: 1920x1080
Category: 央视频道, Name: CCTV-11, Total: 18, Valid: 13, Valid Percent: 72.22%, Whitelist: 0, IPv4: 18, IPv6: 0, Min Delay: 80 ms, Max Speed: 61.44 M/s, Avg Speed: 5.74 M/s, Max Resolution: 1920x1080
Category: 央视频道, Name: CCTV-12, Total: 26, Valid: 21, Valid Percent: 80.77%, Whitelist: 0, IPv4: 26, IPv6: 0, Min Delay: 80 ms, Max Speed: 61.44 M/s, Avg Speed: 4.34 M/s, Max Resolution: 1920x1080
Category: 央视频道, Name: CCTV-13, Total: 22, Valid: 17, Valid Percent: 77.27%, Whitelist: 0, IPv4: 22, IPv6: 0, Min Delay: 80 ms, Max Speed: 61.44 M/s, Avg Speed: 4.72 M/s, Max Resolution: 1920x1080
Category: 央视频道, Name: CCTV-14, Total: 28, Valid: 22, Valid Percent: 78.57%, Whitelist: 0, IPv4: 28, IPv6: 0, Min Delay: 80 ms, Max Speed: 61.44 M/s, Avg Speed: 3.94 M/s, Max Resolution: 1920x1080
Category: 央视频道, Name: CCTV-15, Total: 25, Valid: 19, Valid Percent: 76.00%, Whitelist: 0, IPv4: 25, IPv6: 0, Min Delay: 80 ms, Max Speed: 61.44 M/s, Avg Speed: 4.32 M/s, Max Resolution: 1920x1080
Category: 央视频道, Name: CCTV-16, Total: 21, Valid: 17, Valid Percent: 80.95%, Whitelist: 0, IPv4: 21, IPv6: 0, Min Delay: 80 ms, Max Speed: 61.44 M/s, Avg Speed: 5.24 M/s, Max Resolution: 1920x1080
Category: 央视频道, Name: CCTV-17, Total: 20, Valid: 15, Valid Percent: 75.00%, Whitelist: 0, IPv4: 20, IPv6: 0, Min Delay: 80 ms, Max Speed: 61.44 M/s, Avg Speed: 5.43 M/s, Max Resolution: 1920x1080
Category: 北京, Name: 北京卫视, Total: 26, Valid: 15, Valid Percent: 57.69%, Whitelist: 6, IPv4: 20, IPv6: 0, Min Delay: 330 ms, Max Speed: 5.37 M/s, Avg Speed: 1.31 M/s, Max Resolution: 1920x1080
Category: 北京, Name: 北京卫视4K, Total: 12, Valid: 9, Valid Percent: 75.00%, Whitelist: 0, IPv4: 12, IPv6: 0, Min Delay: 330 ms, Max Speed: 1.85 M/s, Avg Speed: 0.77 M/s, Max Resolution: 1920x1080
Category: 北京, Name: 北京体育休闲, Total: 15, Valid: 6, Valid Percent: 40.00%, Whitelist: 6, IPv4: 9, IPv6: 0, Min Delay: 330 ms, Max Speed: 1.00 M/s, Avg Speed: 0.88 M/s, Max Resolution: 1920x1080
Category: 北京, Name: 北京新闻, Total: 15, Valid: 6, Valid Percent: 40.00%, Whitelist: 6, IPv4: 9, IPv6: 0, Min Delay: 330 ms, Max Speed: 1.00 M/s, Avg Speed: 0.88 M/s, Max Resolution: 1920x1080
Category: 北京, Name: 北京影视, Total: 16, Valid: 7, Valid Percent: 43.75%, Whitelist: 6, IPv4: 10, IPv6: 0, Min Delay: 330 ms, Max Speed: 1.95 M/s, Avg Speed: 1.03 M/s, Max Resolution: 1920x1080
Category: 北京, Name: 北京文艺, Total: 16, Valid: 7, Valid Percent: 43.75%, Whitelist: 6, IPv4: 10, IPv6: 0, Min Delay: 330 ms, Max Speed: 1.95 M/s, Avg Speed: 1.03 M/s, Max Resolution: 1920x1080
Category: 北京, Name: 北京财经, Total: 15, Valid: 6, Valid Percent: 40.00%, Whitelist: 6, IPv4: 9, IPv6: 0, Min Delay: 330 ms, Max Speed: 1.00 M/s, Avg Speed: 0.88 M/s, Max Resolution: 1920x1080
Category: 北京, Name: 北京生活, Total: 15, Valid: 6, Valid Percent: 40.00%, Whitelist: 6, IPv4: 9, IPv6: 0, Min Delay: 330 ms, Max Speed: 1.00 M/s, Avg Speed: 0.88 M/s, Max Resolution: 1920x1080
Category: 北京, Name: 北京纪实科教, Total: 15, Valid: 6, Valid Percent: 40.00%, Whitelist: 6, IPv4: 9, IPv6: 0, Min Delay: 330 ms, Max Speed: 1.00 M/s, Avg Speed: 0.88 M/s, Max Resolution: 1920x1080
Category: 北京, Name: 北京卡酷少儿, Total: 36, Valid: 25, Valid Percent: 69.44%, Whitelist: 6, IPv4: 30, IPv6: 0, Min Delay: 330 ms, Max Speed: 5.37 M/s, Avg Speed: 0.98 M/s, Max Resolution: 1920x1080
Category: 各地卫视, Name: 广东卫视, Total: 25, Valid: 19, Valid Percent: 76.00%, Whitelist: 0, IPv4: 25, IPv6: 0, Min Delay: 330 ms, Max Speed: 5.37 M/s, Avg Speed: 1.28 M/s, Max Resolution: 1920x1080
Category: 各地卫视, Name: 浙江卫视, Total: 20, Valid: 15, Valid Percent: 75.00%, Whitelist: 0, IPv4: 20, IPv6: 0, Min Delay: 330 ms, Max Speed: 5.37 M/s, Avg Speed: 1.31 M/s, Max Resolution: 1920x1080
Category: 各地卫视, Name: 湖南卫视, Total: 25, Valid: 20, Valid Percent: 80.00%, Whitelist: 0, IPv4: 25, IPv6: 0, Min Delay: 330 ms, Max Speed: 5.37 M/s, Avg Speed: 1.25 M/s, Max Resolution: 3840x2160
Category: 各地卫视, Name: 湖北卫视, Total: 22, Valid: 17, Valid Percent: 77.27%, Whitelist: 0, IPv4: 22, IPv6: 0, Min Delay: 330 ms, Max Speed: 5.37 M/s, Avg Speed: 1.55 M/s, Max Resolution: 1920x1080
Category: 各地卫视, Name: 黑龙江卫视, Total: 23, Valid: 18, Valid Percent: 78.26%, Whitelist: 0, IPv4: 23, IPv6: 0, Min Delay: 330 ms, Max Speed: 5.37 M/s, Avg Speed: 1.46 M/s, Max Resolution: 1920x1080
Category: 各地卫视, Name: 安徽卫视, Total: 23, Valid: 18, Valid Percent: 78.26%, Whitelist: 0, IPv4: 23, IPv6: 0, Min Delay: 330 ms, Max Speed: 5.37 M/s, Avg Speed: 1.29 M/s, Max Resolution: 1920x1080
Category: 各地卫视, Name: 重庆卫视, Total: 22, Valid: 17, Valid Percent: 77.27%, Whitelist: 0, IPv4: 22, IPv6: 0, Min Delay: 330 ms, Max Speed: 5.37 M/s, Avg Speed: 1.17 M/s, Max Resolution: 1920x1080
Category: 各地卫视, Name: 东方卫视, Total: 25, Valid: 20, Valid Percent: 80.00%, Whitelist: 0, IPv4: 25, IPv6: 0, Min Delay: 330 ms, Max Speed: 5.37 M/s, Avg Speed: 1.39 M/s, Max Resolution: 1920x1080
Category: 各地卫视, Name: 东南卫视, Total: 21, Valid: 16, Valid Percent: 76.19%, Whitelist: 0, IPv4: 21, IPv6: 0, Min Delay: 330 ms, Max Speed: 5.37 M/s, Avg Speed: 1.49 M/s, Max Resolution: 1920x1080
Category: 各地卫视, Name: 甘肃卫视, Total: 19, Valid: 15, Valid Percent: 78.95%, Whitelist: 0, IPv4: 19, IPv6: 0, Min Delay: 330 ms, Max Speed: 5.37 M/s, Avg Speed: 1.49 M/s, Max Resolution: 1920x1080
Category: 各地卫视, Name: 广西卫视, Total: 23, Valid: 18, Valid Percent: 78.26%, Whitelist: 0, IPv4: 23, IPv6: 0, Min Delay: 330 ms, Max Speed: 5.37 M/s, Avg Speed: 1.58 M/s, Max Resolution: 1920x1080
Category: 各地卫视, Name: 贵州卫视, Total: 22, Valid: 17, Valid Percent: 77.27%, Whitelist: 0, IPv4: 22, IPv6: 0, Min Delay: 80 ms, Max Speed: 61.44 M/s, Avg Speed: 5.02 M/s, Max Resolution: 1920x1080
Category: 各地卫视, Name: 海南卫视, Total: 21, Valid: 16, Valid Percent: 76.19%, Whitelist: 0, IPv4: 21, IPv6: 0, Min Delay: 330 ms, Max Speed: 1.71 M/s, Avg Speed: 0.92 M/s, Max Resolution: 1920x1080
Category: 各地卫视, Name: 河北卫视, Total: 21, Valid: 17, Valid Percent: 80.95%, Whitelist: 0, IPv4: 21, IPv6: 0, Min Delay: 330 ms, Max Speed: 5.37 M/s, Avg Speed: 1.50 M/s, Max Resolution: 1920x1080
Category: 各地卫视, Name: 河南卫视, Total: 23, Valid: 18, Valid Percent: 78.26%, Whitelist: 0, IPv4: 23, IPv6: 0, Min Delay: 330 ms, Max Speed: 5.37 M/s, Avg Speed: 1.28 M/s, Max Resolution: 1920x1080
Category: 各地卫视, Name: 吉林卫视, Total: 22, Valid: 17, Valid Percent: 77.27%, Whitelist: 0, IPv4: 22, IPv6: 0, Min Delay: 330 ms, Max Speed: 5.37 M/s, Avg Speed: 1.41 M/s, Max Resolution: 1920x1080
Category: 各地卫视, Name: 江苏卫视, Total: 22, Valid: 17, Valid Percent: 77.27%, Whitelist: 0, IPv4: 22, IPv6: 0, Min Delay: 330 ms, Max Speed: 5.37 M/s, Avg Speed: 1.50 M/s, Max Resolution: 1920x1080
Category: 各地卫视, Name: 江西卫视, Total: 25, Valid: 20, Valid Percent: 80.00%, Whitelist: 0, IPv4: 25, IPv6: 0, Min Delay: 80 ms, Max Speed: 61.44 M/s, Avg Speed: 4.37 M/s, Max Resolution: 1920x1080
Category: 各地卫视, Name: 辽宁卫视, Total: 23, Valid: 18, Valid Percent: 78.26%, Whitelist: 0, IPv4: 23, IPv6: 0, Min Delay: 330 ms, Max Speed: 5.37 M/s, Avg Speed: 1.42 M/s, Max Resolution: 1920x1080
Category: 各地卫视, Name: 内蒙古卫视, Total: 17, Valid: 14, Valid Percent: 82.35%, Whitelist: 0, IPv4: 17, IPv6: 0, Min Delay: 80 ms, Max Speed: 61.44 M/s, Avg Speed: 5.98 M/s, Max Resolution: 1920x1080
Category: 各地卫视, Name: 宁夏卫视, Total: 15, Valid: 11, Valid Percent: 73.33%, Whitelist: 0, IPv4: 15, IPv6: 0, Min Delay: 80 ms, Max Speed: 61.44 M/s, Avg Speed: 6.99 M/s, Max Resolution: 1920x1080
Category: 各地卫视, Name: 青海卫视, Total: 19, Valid: 14, Valid Percent: 73.68%, Whitelist: 0, IPv4: 19, IPv6: 0, Min Delay: 330 ms, Max Speed: 5.37 M/s, Avg Speed: 1.60 M/s, Max Resolution: 1920x1080
Category: 各地卫视, Name: 山东卫视, Total: 22, Valid: 17, Valid Percent: 77.27%, Whitelist: 0, IPv4: 22, IPv6: 0, Min Delay: 330 ms, Max Speed: 5.37 M/s, Avg Speed: 1.50 M/s, Max Resolution: 1920x1080
Category: 各地卫视, Name: 山西卫视, Total: 21, Valid: 16, Valid Percent: 76.19%, Whitelist: 0, IPv4: 21, IPv6: 0, Min Delay: 80 ms, Max Speed: 61.44 M/s, Avg Speed: 4.65 M/s, Max Resolution: 1920x1080
Category: 各地卫视, Name: 陕西卫视, Total: 13, Valid: 9, Valid Percent: 69.23%, Whitelist: 0, IPv4: 13, IPv6: 0, Min Delay: 80 ms, Max Speed: 61.44 M/s, Avg Speed: 7.62 M/s, Max Resolution: 1920x1080
Category: 各地卫视, Name: 四川卫视, Total: 22, Valid: 17, Valid Percent: 77.27%, Whitelist: 0, IPv4: 22, IPv6: 0, Min Delay: 80 ms, Max Speed: 61.44 M/s, Avg Speed: 4.78 M/s, Max Resolution: 1920x1080
Category: 各地卫视, Name: 深圳卫视, Total: 29, Valid: 24, Valid Percent: 82.76%, Whitelist: 0, IPv4: 29, IPv6: 0, Min Delay: 330 ms, Max Speed: 5.37 M/s, Avg Speed: 1.24 M/s, Max Resolution: 1920x1080
Category: 各地卫视, Name: 三沙卫视, Total: 21, Valid: 17, Valid Percent: 80.95%, Whitelist: 0, IPv4: 21, IPv6: 0, Min Delay: 80 ms, Max Speed: 61.44 M/s, Avg Speed: 5.09 M/s, Max Resolution: 1920x1080
Category: 各地卫视, Name: 天津卫视, Total: 26, Valid: 20, Valid Percent: 76.92%, Whitelist: 0, IPv4: 26, IPv6: 0, Min Delay: 330 ms, Max Speed: 5.37 M/s, Avg Speed: 1.39 M/s, Max Resolution: 1920x1080
Category: 各地卫视, Name: 西藏卫视, Total: 18, Valid: 14, Valid Percent: 77.78%, Whitelist: 0, IPv4: 18, IPv6: 0, Min Delay: 80 ms, Max Speed: 61.44 M/s, Avg Speed: 5.51 M/s, Max Resolution: 1920x1080
Category: 各地卫视, Name: 新疆卫视, Total: 21, Valid: 16, Valid Percent: 76.19%, Whitelist: 0, IPv4: 21, IPv6: 0, Min Delay: 80 ms, Max Speed: 61.44 M/s, Avg Speed: 5.27 M/s, Max Resolution: 1920x1080
Category: 各地卫视, Name: 云南卫视, Total: 22, Valid: 17, Valid Percent: 77.27%, Whitelist: 0, IPv4: 22, IPv6: 0, Min Delay: 330 ms, Max Speed: 5.37 M/s, Avg Speed: 1.42 M/s, Max Resolution: 1920x1080
Category: 港澳台, Name: 凤凰资讯, Total: 10, Valid: 10, Valid Percent: 100.00%, Whitelist: 0, IPv4: 10, IPv6: 0, Min Delay: 393 ms, Max Speed: 4.11 M/s, Avg Speed: 1.37 M/s, Max Resolution: 1920x1080
Category: 港澳台, Name: 凤凰中文, Total: 8, Valid: 8, Valid Percent: 100.00%, Whitelist: 0, IPv4: 8, IPv6: 0, Min Delay: 393 ms, Max Speed: 4.11 M/s, Avg Speed: 1.40 M/s, Max Resolution: 1920x1080
Category: 港澳台, Name: TVBS新闻, Total: 3, Valid: 3, Valid Percent: 100.00%, Whitelist: 0, IPv4: 3, IPv6: 0, Min Delay: 1425 ms, Max Speed: 1.72 M/s, Avg Speed: 0.79 M/s, Max Resolution: 854x480
Category: 港澳台, Name: 三立新闻, Total: 3, Valid: 3, Valid Percent: 100.00%, Whitelist: 0, IPv4: 3, IPv6: 0, Min Delay: 614 ms, Max Speed: 4.06 M/s, Avg Speed: 2.43 M/s, Max Resolution: 1920x1080
Category: 熊猫, Name: 成都高清, Total: 1, Valid: 0, Valid Percent: 0.00%, Whitelist: 1, IPv4: 0, IPv6: 0, Min Delay: -1 ms, Max Speed: 0.00 M/s, Avg Speed: 0.00 M/s, Max Resolution: None
Category: 熊猫, Name: 都江堰高清, Total: 1, Valid: 0, Valid Percent: 0.00%, Whitelist: 1, IPv4: 0, IPv6: 0, Min Delay: -1 ms, Max Speed: 0.00 M/s, Avg Speed: 0.00 M/s, Max Resolution: None
Category: 熊猫, Name: 大丰麋鹿, Total: 1, Valid: 0, Valid Percent: 0.00%, Whitelist: 1, IPv4: 0, IPv6: 0, Min Delay: -1 ms, Max Speed: 0.00 M/s, Avg Speed: 0.00 M/s, Max Resolution: None
Category: 熊猫, Name: 白马雪山, Total: 1, Valid: 0, Valid Percent: 0.00%, Whitelist: 1, IPv4: 0, IPv6: 0, Min Delay: -1 ms, Max Speed: 0.00 M/s, Avg Speed: 0.00 M/s, Max Resolution: None
Category: 熊猫, Name: 都江堰青青, Total: 1, Valid: 0, Valid Percent: 0.00%, Whitelist: 1, IPv4: 0, IPv6: 0, Min Delay: -1 ms, Max Speed: 0.00 M/s, Avg Speed: 0.00 M/s, Max Resolution: None
Category: 熊猫, Name: 都江堰妃妃, Total: 1, Valid: 0, Valid Percent: 0.00%, Whitelist: 1, IPv4: 0, IPv6: 0, Min Delay: -1 ms, Max Speed: 0.00 M/s, Avg Speed: 0.00 M/s, Max Resolution: None
Category: 熊猫, Name: 都江堰娅祥, Total: 1, Valid: 0, Valid Percent: 0.00%, Whitelist: 1, IPv4: 0, IPv6: 0, Min Delay: -1 ms, Max Speed: 0.00 M/s, Avg Speed: 0.00 M/s, Max Resolution: None
Category: 熊猫, Name: 都江堰瑞瑞, Total: 1, Valid: 0, Valid Percent: 0.00%, Whitelist: 1, IPv4: 0, IPv6: 0, Min Delay: -1 ms, Max Speed: 0.00 M/s, Avg Speed: 0.00 M/s, Max Resolution: None
Category: 熊猫, Name: 都江堰英英, Total: 1, Valid: 0, Valid Percent: 0.00%, Whitelist: 1, IPv4: 0, IPv6: 0, Min Delay: -1 ms, Max Speed: 0.00 M/s, Avg Speed: 0.00 M/s, Max Resolution: None
Category: 熊猫, Name: 都江堰水秀, Total: 1, Valid: 0, Valid Percent: 0.00%, Whitelist: 1, IPv4: 0, IPv6: 0, Min Delay: -1 ms, Max Speed: 0.00 M/s, Avg Speed: 0.00 M/s, Max Resolution: None
Category: 熊猫, Name: 卧龙怡然, Total: 1, Valid: 0, Valid Percent: 0.00%, Whitelist: 1, IPv4: 0, IPv6: 0, Min Delay: -1 ms, Max Speed: 0.00 M/s, Avg Speed: 0.00 M/s, Max Resolution: None
Category: 熊猫, Name: 壹壹玖玖, Total: 1, Valid: 0, Valid Percent: 0.00%, Whitelist: 1, IPv4: 0, IPv6: 0, Min Delay: -1 ms, Max Speed: 0.00 M/s, Avg Speed: 0.00 M/s, Max Resolution: None
Category: 熊猫, Name: 基地成年园1, Total: 1, Valid: 0, Valid Percent: 0.00%, Whitelist: 1, IPv4: 0, IPv6: 0, Min Delay: -1 ms, Max Speed: 0.00 M/s, Avg Speed: 0.00 M/s, Max Resolution: None
Category: 熊猫, Name: 基地成年园2, Total: 1, Valid: 0, Valid Percent: 0.00%, Whitelist: 1, IPv4: 0, IPv6: 0, Min Delay: -1 ms, Max Speed: 0.00 M/s, Avg Speed: 0.00 M/s, Max Resolution: None
Category: 熊猫, Name: 基地幼年园1, Total: 1, Valid: 0, Valid Percent: 0.00%, Whitelist: 1, IPv4: 0, IPv6: 0, Min Delay: -1 ms, Max Speed: 0.00 M/s, Avg Speed: 0.00 M/s, Max Resolution: None
Category: 熊猫, Name: 基地幼年园2, Total: 1, Valid: 0, Valid Percent: 0.00%, Whitelist: 1, IPv4: 0, IPv6: 0, Min Delay: -1 ms, Max Speed: 0.00 M/s, Avg Speed: 0.00 M/s, Max Resolution: None
Category: 熊猫, Name: 基地幼儿园1, Total: 1, Valid: 0, Valid Percent: 0.00%, Whitelist: 1, IPv4: 0, IPv6: 0, Min Delay: -1 ms, Max Speed: 0.00 M/s, Avg Speed: 0.00 M/s, Max Resolution: None
Category: 熊猫, Name: 基地幼儿园2, Total: 1, Valid: 0, Valid Percent: 0.00%, Whitelist: 1, IPv4: 0, IPv6: 0, Min Delay: -1 ms, Max Speed: 0.00 M/s, Avg Speed: 0.00 M/s, Max Resolution: None
Category: 熊猫, Name: 基地母子园, Total: 1, Valid: 0, Valid Percent: 0.00%, Whitelist: 1, IPv4: 0, IPv6: 0, Min Delay: -1 ms, Max Speed: 0.00 M/s, Avg Speed: 0.00 M/s, Max Resolution: None
Category: 熊猫, Name: 基地别墅1, Total: 1, Valid: 0, Valid Percent: 0.00%, Whitelist: 1, IPv4: 0, IPv6: 0, Min Delay: -1 ms, Max Speed: 0.00 M/s, Avg Speed: 0.00 M/s, Max Resolution: None
Category: 熊猫, Name: 基地别墅2, Total: 1, Valid: 0, Valid Percent: 0.00%, Whitelist: 1, IPv4: 0, IPv6: 0, Min Delay: -1 ms, Max Speed: 0.00 M/s, Avg Speed: 0.00 M/s, Max Resolution: None
Category: 轮播, Name: CHC家庭影院, Total: 11, Valid: 10, Valid Percent: 90.91%, Whitelist: 0, IPv4: 11, IPv6: 0, Min Delay: 386 ms, Max Speed: 5.37 M/s, Avg Speed: 2.41 M/s, Max Resolution: 1920x1080
Category: 轮播, Name: CHC动作电影, Total: 17, Valid: 13, Valid Percent: 76.47%, Whitelist: 0, IPv4: 17, IPv6: 0, Min Delay: 330 ms, Max Speed: 4.18 M/s, Avg Speed: 1.66 M/s, Max Resolution: 1920x1080
Category: 轮播, Name: CHC高清电影, Total: 7, Valid: 5, Valid Percent: 71.43%, Whitelist: 0, IPv4: 7, IPv6: 0, Min Delay: 407 ms, Max Speed: 0.36 M/s, Avg Speed: 0.20 M/s, Max Resolution: 0x0
Category: 轮播, Name: 孤独的美食家, Total: 6, Valid: 0, Valid Percent: 0.00%, Whitelist: 6, IPv4: 0, IPv6: 0, Min Delay: -1 ms, Max Speed: 0.00 M/s, Avg Speed: 0.00 M/s, Max Resolution: None
Category: 轮播, Name: 地下交通站, Total: 11, Valid: 0, Valid Percent: 0.00%, Whitelist: 11, IPv4: 0, IPv6: 0, Min Delay: -1 ms, Max Speed: 0.00 M/s, Avg Speed: 0.00 M/s, Max Resolution: None
Category: 轮播, Name: 龙门镖局, Total: 5, Valid: 0, Valid Percent: 0.00%, Whitelist: 5, IPv4: 0, IPv6: 0, Min Delay: -1 ms, Max Speed: 0.00 M/s, Avg Speed: 0.00 M/s, Max Resolution: None
Category: 轮播, Name: 东北一家人, Total: 8, Valid: 0, Valid Percent: 0.00%, Whitelist: 8, IPv4: 0, IPv6: 0, Min Delay: -1 ms, Max Speed: 0.00 M/s, Avg Speed: 0.00 M/s, Max Resolution: None
Category: 轮播, Name: 爱情公寓, Total: 11, Valid: 0, Valid Percent: 0.00%, Whitelist: 11, IPv4: 0, IPv6: 0, Min Delay: -1 ms, Max Speed: 0.00 M/s, Avg Speed: 0.00 M/s, Max Resolution: None
Category: 轮播, Name: 周星驰, Total: 5, Valid: 0, Valid Percent: 0.00%, Whitelist: 5, IPv4: 0, IPv6: 0, Min Delay: -1 ms, Max Speed: 0.00 M/s, Avg Speed: 0.00 M/s, Max Resolution: None
Category: 轮播, Name: 西游记, Total: 1, Valid: 1, Valid Percent: 100.00%, Whitelist: 0, IPv4: 1, IPv6: 0, Min Delay: 649 ms, Max Speed: 4.06 M/s, Avg Speed: 4.06 M/s, Max Resolution: 1280x720
Category: 轮播, Name: 柯南, Total: 7, Valid: 0, Valid Percent: 0.00%, Whitelist: 7, IPv4: 0, IPv6: 0, Min Delay: -1 ms, Max Speed: 0.00 M/s, Avg Speed: 0.00 M/s, Max Resolution: None
Category: 轮播, Name: 蜡笔小新, Total: 7, Valid: 0, Valid Percent: 0.00%, Whitelist: 7, IPv4: 0, IPv6: 0, Min Delay: -1 ms, Max Speed: 0.00 M/s, Avg Speed: 0.00 M/s, Max Resolution: None
